src/app/interview/[id]/report/page.tsx(23,31): error TS2339: Property 'status' does not exist on type '(FlattenMaps<any> & Required<{ _id: unknown; }> & { __v: number; })[] | (FlattenMaps<any> & Required<{ _id: unknown; }> & { __v: number; })'.
  Property 'status' does not exist on type '(FlattenMaps<any> & Required<{ _id: unknown; }> & { __v: number; })[]'.
src/app/interview/[id]/report/page.tsx(37,28): error TS2339: Property 'role' does not exist on type '(FlattenMaps<any> & Required<{ _id: unknown; }> & { __v: number; })[] | (FlattenMaps<any> & Required<{ _id: unknown; }> & { __v: number; })'.
  Property 'role' does not exist on type '(FlattenMaps<any> & Required<{ _id: unknown; }> & { __v: number; })[]'.
src/app/interview/[id]/report/page.tsx(37,47): error TS2339: Property 'experienceLevel' does not exist on type '(FlattenMaps<any> & Required<{ _id: unknown; }> & { __v: number; })[] | (FlattenMaps<any> & Required<{ _id: unknown; }> & { __v: number; })'.
  Property 'experienceLevel' does not exist on type '(FlattenMaps<any> & Required<{ _id: unknown; }> & { __v: number; })[]'.
src/app/interview/[id]/report/page.tsx(54,60): error TS2339: Property 'score' does not exist on type '(FlattenMaps<any> & Required<{ _id: unknown; }> & { __v: number; })[] | (FlattenMaps<any> & Required<{ _id: unknown; }> & { __v: number; })'.
  Property 'score' does not exist on type '(FlattenMaps<any> & Required<{ _id: unknown; }> & { __v: number; })[]'.
src/app/interview/[id]/report/page.tsx(62,60): error TS2339: Property 'technicalRating' does not exist on type '(FlattenMaps<any> & Required<{ _id: unknown; }> & { __v: number; })[] | (FlattenMaps<any> & Required<{ _id: unknown; }> & { __v: number; })'.
  Property 'technicalRating' does not exist on type '(FlattenMaps<any> & Required<{ _id: unknown; }> & { __v: number; })[]'.
src/app/interview/[id]/report/page.tsx(70,60): error TS2339: Property 'communicationRating' does not exist on type '(FlattenMaps<any> & Required<{ _id: unknown; }> & { __v: number; })[] | (FlattenMaps<any> & Required<{ _id: unknown; }> & { __v: number; })'.
  Property 'communicationRating' does not exist on type '(FlattenMaps<any> & Required<{ _id: unknown; }> & { __v: number; })[]'.
src/app/interview/[id]/report/page.tsx(74,22): error TS2339: Property 'suspicionScore' does not exist on type '(FlattenMaps<any> & Required<{ _id: unknown; }> & { __v: number; })[] | (FlattenMaps<any> & Required<{ _id: unknown; }> & { __v: number; })'.
  Property 'suspicionScore' does not exist on type '(FlattenMaps<any> & Required<{ _id: unknown; }> & { __v: number; })[]'.
src/app/interview/[id]/report/page.tsx(83,45): error TS2339: Property 'suspicionScore' does not exist on type '(FlattenMaps<any> & Required<{ _id: unknown; }> & { __v: number; })[] | (FlattenMaps<any> & Required<{ _id: unknown; }> & { __v: number; })'.
  Property 'suspicionScore' does not exist on type '(FlattenMaps<any> & Required<{ _id: unknown; }> & { __v: number; })[]'.
src/app/interview/[id]/report/page.tsx(86,28): error TS2339: Property 'suspicionEvents' does not exist on type '(FlattenMaps<any> & Required<{ _id: unknown; }> & { __v: number; })[] | (FlattenMaps<any> & Required<{ _id: unknown; }> & { __v: number; })'.
  Property 'suspicionEvents' does not exist on type '(FlattenMaps<any> & Required<{ _id: unknown; }> & { __v: number; })[]'.
src/app/interview/[id]/report/page.tsx(100,28): error TS2339: Property 'strengths' does not exist on type '(FlattenMaps<any> & Required<{ _id: unknown; }> & { __v: number; })[] | (FlattenMaps<any> & Required<{ _id: unknown; }> & { __v: number; })'.
  Property 'strengths' does not exist on type '(FlattenMaps<any> & Required<{ _id: unknown; }> & { __v: number; })[]'.
src/app/interview/[id]/report/page.tsx(117,28): error TS2339: Property 'weaknesses' does not exist on type '(FlattenMaps<any> & Required<{ _id: unknown; }> & { __v: number; })[] | (FlattenMaps<any> & Required<{ _id: unknown; }> & { __v: number; })'.
  Property 'weaknesses' does not exist on type '(FlattenMaps<any> & Required<{ _id: unknown; }> & { __v: number; })[]'.
src/app/interview/[id]/report/page.tsx(132,26): error TS2339: Property 'improvements' does not exist on type '(FlattenMaps<any> & Required<{ _id: unknown; }> & { __v: number; })[] | (FlattenMaps<any> & Required<{ _id: unknown; }> & { __v: number; })'.
  Property 'improvements' does not exist on type '(FlattenMaps<any> & Required<{ _id: unknown; }> & { __v: number; })[]'.
src/lib/mongodb.ts(25,5): error TS2322: Type 'Promise<{ conn: ... | null; promise: Promise<...> | null; } | typeof import("mongoose")>' is not assignable to type 'Promise<{ conn: ... | null; promise: Promise<...> | null; }>'.
  Type '{ conn: ... | null; promise: Promise<...> | null; } | typeof import("mongoose")' is not assignable to type '{ conn: ... | null; promise: Promise<...> | null; }'.
    Type 'typeof import("mongoose")' is missing the following properties from type '{ conn: ... | null; promise: Promise<...> | null; }': conn, promise
